
Discarded input sections

 .text          0x0000000000000000      0x1da Build/core_cm3.o
 .data          0x0000000000000000        0x0 Build/core_cm3.o
 .bss           0x0000000000000000        0x0 Build/core_cm3.o
 .debug_info    0x0000000000000000      0x532 Build/core_cm3.o
 .debug_abbrev  0x0000000000000000       0xba Build/core_cm3.o
 .debug_aranges
                0x0000000000000000       0x20 Build/core_cm3.o
 .debug_line    0x0000000000000000      0x194 Build/core_cm3.o
 .debug_str     0x0000000000000000      0x29a Build/core_cm3.o
 .comment       0x0000000000000000       0x34 Build/core_cm3.o
 .debug_frame   0x0000000000000000      0x200 Build/core_cm3.o
 .ARM.attributes
                0x0000000000000000       0x2d Build/core_cm3.o
 .data          0x0000000000000000        0x0 Build/event_groups.o
 .bss           0x0000000000000000        0x0 Build/event_groups.o
 .data          0x0000000000000000        0x0 Build/heap.o
 .rodata        0x0000000000000000        0x4 Build/heap.o
 .data          0x0000000000000000        0x0 Build/list.o
 .bss           0x0000000000000000        0x0 Build/list.o
 .text          0x0000000000000000      0x170 Build/misc.o
 .data          0x0000000000000000        0x0 Build/misc.o
 .bss           0x0000000000000000        0x0 Build/misc.o
 .debug_info    0x0000000000000000      0x4f4 Build/misc.o
 .debug_abbrev  0x0000000000000000      0x181 Build/misc.o
 .debug_aranges
                0x0000000000000000       0x20 Build/misc.o
 .debug_line    0x0000000000000000      0x160 Build/misc.o
 .debug_str     0x0000000000000000      0x37e Build/misc.o
 .comment       0x0000000000000000       0x34 Build/misc.o
 .debug_frame   0x0000000000000000       0x88 Build/misc.o
 .ARM.attributes
                0x0000000000000000       0x2d Build/misc.o
 .data          0x0000000000000000        0x0 Build/OLED.o
 .bss           0x0000000000000000        0x0 Build/OLED.o
 .bss           0x0000000000000000        0x0 Build/port.o
 .text          0x0000000000000000      0xa24 Build/queue.o
 .data          0x0000000000000000        0x0 Build/queue.o
 .bss           0x0000000000000000        0x0 Build/queue.o
 .debug_info    0x0000000000000000      0xbfa Build/queue.o
 .debug_abbrev  0x0000000000000000      0x243 Build/queue.o
 .debug_aranges
                0x0000000000000000       0x20 Build/queue.o
 .debug_line    0x0000000000000000      0x61b Build/queue.o
 .debug_str     0x0000000000000000      0x667 Build/queue.o
 .comment       0x0000000000000000       0x34 Build/queue.o
 .debug_frame   0x0000000000000000      0x248 Build/queue.o
 .ARM.attributes
                0x0000000000000000       0x2d Build/queue.o
 .data          0x0000000000000000        0x0 Build/stm32f10x_gpio.o
 .bss           0x0000000000000000        0x0 Build/stm32f10x_gpio.o
 .bss           0x0000000000000000        0x0 Build/stm32f10x_rcc.o
 .text          0x0000000000000000      0x5d2 Build/stream_buffer.o
 .data          0x0000000000000000        0x0 Build/stream_buffer.o
 .bss           0x0000000000000000        0x0 Build/stream_buffer.o
 .debug_info    0x0000000000000000      0x7c6 Build/stream_buffer.o
 .debug_abbrev  0x0000000000000000      0x1d0 Build/stream_buffer.o
 .debug_aranges
                0x0000000000000000       0x20 Build/stream_buffer.o
 .debug_line    0x0000000000000000      0x389 Build/stream_buffer.o
 .debug_str     0x0000000000000000      0x5bb Build/stream_buffer.o
 .comment       0x0000000000000000       0x34 Build/stream_buffer.o
 .debug_frame   0x0000000000000000      0x15c Build/stream_buffer.o
 .ARM.attributes
                0x0000000000000000       0x2d Build/stream_buffer.o
 .bss           0x0000000000000000        0x0 Build/system_stm32f10x.o
 .data          0x0000000000000000        0x0 Build/task.o
 .text          0x0000000000000000      0x534 Build/timers.o
 .data          0x0000000000000000        0x0 Build/timers.o
 .bss           0x0000000000000000       0x3c Build/timers.o
 .rodata        0x0000000000000000        0x8 Build/timers.o
 .debug_info    0x0000000000000000      0x7a3 Build/timers.o
 .debug_abbrev  0x0000000000000000      0x1b5 Build/timers.o
 .debug_aranges
                0x0000000000000000       0x20 Build/timers.o
 .debug_line    0x0000000000000000      0x2f7 Build/timers.o
 .debug_str     0x0000000000000000      0x5d7 Build/timers.o
 .comment       0x0000000000000000       0x34 Build/timers.o
 .debug_frame   0x0000000000000000      0x170 Build/timers.o
 .ARM.attributes
                0x0000000000000000       0x2d Build/timers.o
 .data          0x0000000000000000        0x0 Build/main.o
 .text          0x0000000000000000       0x14 Build/startup_stm32f10x_md.o
 .data          0x0000000000000000        0x0 Build/startup_stm32f10x_md.o
 .bss           0x0000000000000000        0x0 Build/startup_stm32f10x_md.o

Memory Configuration

Name             Origin             Length             Attributes
flash            0x0000000008000000 0x0000000000010000 xr
ram              0x0000000020000000 0x0000000000005000 xrw
*default*        0x0000000000000000 0xffffffffffffffff

Linker script and memory map

LOAD Build/core_cm3.o
LOAD Build/event_groups.o
LOAD Build/heap.o
LOAD Build/list.o
LOAD Build/misc.o
LOAD Build/OLED.o
LOAD Build/port.o
LOAD Build/queue.o
LOAD Build/stm32f10x_gpio.o
LOAD Build/stm32f10x_rcc.o
LOAD Build/stream_buffer.o
LOAD Build/system_stm32f10x.o
LOAD Build/task.o
LOAD Build/timers.o
LOAD Build/main.o
LOAD Build/startup_stm32f10x_md.o
                0x0000000020005000                _estack = (ORIGIN (ram) + LENGTH (ram))
                0x0000000000000000                _heap_size = 0x0
                0x0000000000000000                _stack_size = 0x0

.isr_vector     0x0000000008000000      0x10c
                0x0000000008000000                __isr_vector_start__ = .
 *(.isr_vector)
 .isr_vector    0x0000000008000000      0x10c Build/startup_stm32f10x_md.o
                0x0000000008000000                g_pfnVectors
                0x0000000000000001                ASSERT ((. != __isr_vector_start__), The .isr_vector section is empty)

.rodata         0x000000000800010c      0x606
 .rodata        0x000000000800010c      0x5f0 Build/OLED.o
                0x000000000800010c                OLED_F8x16
 .rodata        0x00000000080006fc        0x5 Build/task.o
 *fill*         0x0000000008000701        0x3 
 .rodata        0x0000000008000704        0xe Build/main.o

.text           0x0000000008000720     0x36e0
                0x0000000008000720                . = ALIGN (0x4)
                0x0000000008000720                _stext = .
 *(.init)
 *(.fini)
                0x0000000008000720                . = ALIGN (0x4)
                0x0000000008000720                _etext = .
 .text          0x0000000008000720      0x244 Build/event_groups.o
                0x0000000008000720                xEventGroupCreate
                0x0000000008000786                xEventGroupWaitBits
                0x000000000800088c                xEventGroupSetBits
 .text          0x0000000008000964      0x42c Build/heap.o
                0x0000000008000964                memset
                0x0000000008000a1e                memcpy
                0x0000000008000a8a                prvHeadInit
                0x0000000008000b54                prvInsertBlockIntoFreeList
                0x0000000008000bfc                pvPortMalloc
                0x0000000008000d20                vPortFree
 .text          0x0000000008000d90      0x136 Build/list.o
                0x0000000008000d90                uxListRemove
                0x0000000008000dda                vListInsertEnd
                0x0000000008000e18                vListInsert
                0x0000000008000e80                vListInitialiseItem
                0x0000000008000e90                vListInitialise
 *fill*         0x0000000008000ec6        0x2 
 .text          0x0000000008000ec8      0x6fc Build/OLED.o
                0x0000000008000ec8                OLED_I2C_Init
                0x0000000008000f28                OLED_I2C_Start
                0x0000000008000f64                OLED_I2C_Stop
                0x0000000008000f94                OLED_I2C_SendByte
                0x000000000800101c                OLED_WriteCommand
                0x000000000800104c                OLED_WriteData
                0x000000000800107c                OLED_SetCursor
                0x00000000080010ca                OLED_Clear
                0x000000000800111e                OLED_ShowChar
                0x00000000080011f4                OLED_ShowString
                0x0000000008001250                OLED_Pow
                0x0000000008001278                OLED_ShowNum
                0x0000000008001308                OLED_ShowSignedNum
                0x00000000080013d0                OLED_ShowHexNum
                0x000000000800147e                OLED_ShowBinNum
                0x00000000080014fe                OLED_Init
 *fill*         0x00000000080015c4        0xc 
 .text          0x00000000080015d0      0x1fc Build/port.o
                0x00000000080015e8                pxPortInitialiseStack
                0x0000000008001638                vPortEnterCritical
                0x0000000008001664                vPortExitCritical
                0x0000000008001690                vPortSetupTimerInterrupt
                0x00000000080016ca                xPortStartScheduler
                0x0000000008001704                SysTick_Handler
                0x0000000008001748                PendSV_Handler
                0x0000000008001798                SVC_Handler
 .text          0x00000000080017cc      0x5b0 Build/stm32f10x_gpio.o
                0x00000000080017cc                GPIO_DeInit
                0x00000000080018b0                GPIO_AFIODeInit
                0x00000000080018c6                GPIO_Init
                0x0000000008001a36                GPIO_StructInit
                0x0000000008001a54                GPIO_ReadInputDataBit
                0x0000000008001a8a                GPIO_ReadInputData
                0x0000000008001a9a                GPIO_ReadOutputDataBit
                0x0000000008001ad0                GPIO_ReadOutputData
                0x0000000008001ae0                GPIO_SetBits
                0x0000000008001af8                GPIO_ResetBits
                0x0000000008001b10                GPIO_WriteBit
                0x0000000008001b40                GPIO_Write
                0x0000000008001b58                GPIO_PinLockConfig
                0x0000000008001b98                GPIO_EventOutputConfig
                0x0000000008001be4                GPIO_EventOutputCmd
                0x0000000008001c00                GPIO_PinRemapConfig
                0x0000000008001cdc                GPIO_EXTILineConfig
                0x0000000008001d68                GPIO_ETH_MediaInterfaceConfig
 .text          0x0000000008001d7c      0x74c Build/stm32f10x_rcc.o
                0x0000000008001d7c                RCC_DeInit
                0x0000000008001dd0                RCC_HSEConfig
                0x0000000008001e24                RCC_WaitForHSEStartUp
                0x0000000008001e80                RCC_AdjustHSICalibrationValue
                0x0000000008001eb8                RCC_HSICmd
                0x0000000008001ed4                RCC_PLLConfig
                0x0000000008001f08                RCC_PLLCmd
                0x0000000008001f24                RCC_SYSCLKConfig
                0x0000000008001f54                RCC_GetSYSCLKSource
                0x0000000008001f68                RCC_HCLKConfig
                0x0000000008001f98                RCC_PCLK1Config
                0x0000000008001fc8                RCC_PCLK2Config
                0x0000000008001ff8                RCC_ITConfig
                0x0000000008002044                RCC_USBCLKConfig
                0x0000000008002058                RCC_ADCCLKConfig
                0x0000000008002088                RCC_LSEConfig
                0x00000000080020c4                RCC_LSICmd
                0x00000000080020e0                RCC_RTCCLKConfig
                0x00000000080020fc                RCC_RTCCLKCmd
                0x0000000008002118                RCC_GetClocksFreq
                0x000000000800227c                RCC_AHBPeriphClockCmd
                0x00000000080022b4                RCC_APB2PeriphClockCmd
                0x00000000080022ec                RCC_APB1PeriphClockCmd
                0x0000000008002324                RCC_APB2PeriphResetCmd
                0x000000000800235c                RCC_APB1PeriphResetCmd
                0x0000000008002394                RCC_BackupResetCmd
                0x00000000080023b0                RCC_ClockSecuritySystemCmd
                0x00000000080023cc                RCC_MCOConfig
                0x00000000080023e8                RCC_GetFlagStatus
                0x0000000008002460                RCC_ClearFlag
                0x0000000008002474                RCC_GetITStatus
                0x00000000080024ac                RCC_ClearITPendingBit
 .text          0x00000000080024c8      0x244 Build/system_stm32f10x.o
                0x00000000080024c8                SystemInit
                0x0000000008002530                SystemCoreClockUpdate
 .text          0x000000000800270c     0x1624 Build/task.o
                0x0000000008002948                xTaskCreate
                0x00000000080029dc                vTaskSuspendAll
                0x0000000008002a28                xTaskIncrementTick
                0x0000000008002b74                xTaskResumeAll
                0x0000000008002d2c                vTaskStartScheduler
                0x0000000008002d98                vTaskSwitchContext
                0x0000000008002e20                vTaskSuspend
                0x0000000008002f0c                vTaskDelete
                0x00000000080030d0                vTaskDelay
                0x0000000008003114                xTaskGetTickCount
                0x0000000008003128                vTaskDelayUntil
                0x00000000080031c8                uxTaskPriorityGet
                0x00000000080031fc                vTaskPrioritySet
                0x0000000008003330                vTaskPriorityInherit
                0x0000000008003410                uxTaskPriorityGetFromISR
                0x0000000008003460                xTaskRemoveFromEventList
                0x0000000008003508                xTaskPriorityDisinherit
                0x00000000080035d0                vTaskSetTimeOutState
                0x00000000080035f4                vTaskMissedYield
                0x0000000008003604                xTaskCheckForTimeOut
                0x0000000008003688                vTaskPlaceOnEventList
                0x00000000080036b4                pvTaskIncrementMutexHeldCount
                0x00000000080036d4                xTaskGetCurrentTaskHandle
                0x00000000080036e8                xTaskGetSchedulerState
                0x000000000800371c                vTaskPlaceOnEventListRestricted
                0x0000000008003754                xTaskGenericNotify
                0x0000000008003870                ulTaskNotifyTake
                0x0000000008003900                vTaskNotifyGiveFromISR
                0x00000000080039e8                xTaskNotifyWait
                0x0000000008003a9c                xTaskGenericNotifyFromISR
                0x0000000008003bf4                xTaskGenericNotifyStateClear
                0x0000000008003c40                vTaskPlaceOnUnorderedEventList
                0x0000000008003c78                uxTaskResetEventItemValue
                0x0000000008003ca0                xTaskRemoveFromUnorderedEventList
 .text          0x0000000008003d30       0xd0 Build/main.o
                0x0000000008003d30                vTaskA
                0x0000000008003d84                vTaskB
                0x0000000008003da8                main

.glue_7         0x0000000008003e00        0x0
 .glue_7        0x0000000008003e00        0x0 linker stubs

.glue_7t        0x0000000008003e00        0x0
 .glue_7t       0x0000000008003e00        0x0 linker stubs

.vfp11_veneer   0x0000000008003e00        0x0
 .vfp11_veneer  0x0000000008003e00        0x0 linker stubs

.v4_bx          0x0000000008003e00        0x0
 .v4_bx         0x0000000008003e00        0x0 linker stubs

.iplt           0x0000000008003e00        0x0
 .iplt          0x0000000008003e00        0x0 Build/event_groups.o

.text.Reset_Handler
                0x0000000008003e00       0x44
 .text.Reset_Handler
                0x0000000008003e00       0x44 Build/startup_stm32f10x_md.o
                0x0000000008003e00                Reset_Handler

.text.Default_Handler
                0x0000000008003e44        0x2
 .text.Default_Handler
                0x0000000008003e44        0x2 Build/startup_stm32f10x_md.o
                0x0000000008003e44                EXTI2_IRQHandler
                0x0000000008003e44                DebugMon_Handler
                0x0000000008003e44                TIM1_CC_IRQHandler
                0x0000000008003e44                HardFault_Handler
                0x0000000008003e44                PVD_IRQHandler
                0x0000000008003e44                NMI_Handler
                0x0000000008003e44                EXTI3_IRQHandler
                0x0000000008003e44                EXTI0_IRQHandler
                0x0000000008003e44                I2C2_EV_IRQHandler
                0x0000000008003e44                UsageFault_Handler
                0x0000000008003e44                ADC1_2_IRQHandler
                0x0000000008003e44                SPI1_IRQHandler
                0x0000000008003e44                TAMPER_IRQHandler
                0x0000000008003e44                DMA1_Channel4_IRQHandler
                0x0000000008003e44                USART3_IRQHandler
                0x0000000008003e44                RTC_IRQHandler
                0x0000000008003e44                DMA1_Channel7_IRQHandler
                0x0000000008003e44                CAN1_RX1_IRQHandler
                0x0000000008003e44                TIM4_IRQHandler
                0x0000000008003e44                I2C1_EV_IRQHandler
                0x0000000008003e44                DMA1_Channel6_IRQHandler
                0x0000000008003e44                TIM3_IRQHandler
                0x0000000008003e44                RCC_IRQHandler
                0x0000000008003e44                TIM1_TRG_COM_IRQHandler
                0x0000000008003e44                DMA1_Channel1_IRQHandler
                0x0000000008003e44                Default_Handler
                0x0000000008003e44                EXTI15_10_IRQHandler
                0x0000000008003e44                EXTI9_5_IRQHandler
                0x0000000008003e44                SPI2_IRQHandler
                0x0000000008003e44                MemManage_Handler
                0x0000000008003e44                DMA1_Channel5_IRQHandler
                0x0000000008003e44                EXTI4_IRQHandler
                0x0000000008003e44                USB_LP_CAN1_RX0_IRQHandler
                0x0000000008003e44                USB_HP_CAN1_TX_IRQHandler
                0x0000000008003e44                DMA1_Channel3_IRQHandler
                0x0000000008003e44                TIM1_UP_IRQHandler
                0x0000000008003e44                WWDG_IRQHandler
                0x0000000008003e44                TIM2_IRQHandler
                0x0000000008003e44                TIM1_BRK_IRQHandler
                0x0000000008003e44                EXTI1_IRQHandler
                0x0000000008003e44                RTCAlarm_IRQHandler
                0x0000000008003e44                USART2_IRQHandler
                0x0000000008003e44                I2C2_ER_IRQHandler
                0x0000000008003e44                DMA1_Channel2_IRQHandler
                0x0000000008003e44                CAN1_SCE_IRQHandler
                0x0000000008003e44                FLASH_IRQHandler
                0x0000000008003e44                BusFault_Handler
                0x0000000008003e44                USART1_IRQHandler
                0x0000000008003e44                I2C1_ER_IRQHandler
                0x0000000008003e44                USBWakeUp_IRQHandler

.rel.dyn        0x0000000008003e48        0x0
 .rel.iplt      0x0000000008003e48        0x0 Build/event_groups.o

.ARM.extab
 *(.ARM.extab*)

.ARM.exidx
 *(.ARM.exidx*)
                0x0000000008003e46                _sidata = .

.data           0x0000000020000000       0x30 load address 0x0000000008003e46
                0x0000000020000000                . = ALIGN (0x4)
                0x0000000020000000                _sdata = .
 *(.data*)
 .data          0x0000000020000000        0x8 Build/port.o
 .data          0x0000000020000008       0x14 Build/stm32f10x_rcc.o
 .data          0x000000002000001c       0x14 Build/system_stm32f10x.o
                0x000000002000001c                SystemCoreClock
                0x0000000020000020                AHBPrescTable
                0x0000000020000030                . = ALIGN (0x4)
                0x0000000020000030                _edata = .

.igot.plt       0x0000000020000030        0x0 load address 0x0000000008003e78
 .igot.plt      0x0000000020000030        0x0 Build/event_groups.o

.bss            0x0000000020000030     0x2920 load address 0x0000000008003e78
                0x0000000020000030                . = ALIGN (0x4)
                0x0000000020000030                _sbss = .
 *(.bss*)
 .bss           0x0000000020000030     0x2818 Build/heap.o
 .bss           0x0000000020002848      0x104 Build/task.o
                0x0000000020002944                pxCurrentTCB
 .bss           0x000000002000294c        0x4 Build/main.o
 *(COMMON)
                0x0000000020002950                . = ALIGN (0x4)
                0x0000000020002950                _ebss = .

._heap          0x0000000020002950        0x0
                0x0000000020002950                . = ALIGN (0x4)
                0x0000000020002950                . = (. + _heap_size)
                0x0000000020002950                . = ALIGN (0x4)

._stack         0x0000000020002950        0x0
                0x0000000020002950                . = ALIGN (0x4)
                0x0000000020002950                . = (. + _stack_size)
                0x0000000020002950                . = ALIGN (0x4)
                0x000000000000010c                __isr_vector_size__ = SIZEOF (.isr_vector)
                0x00000000000036e0                __text_size__ = SIZEOF (.text)
                0x0000000000000030                __data_size__ = SIZEOF (.data)
                0x0000000000002920                __bss_size__ = SIZEOF (.bss)
OUTPUT(Build/exec.elf elf32-littlearm)
LOAD linker stubs

.debug_info     0x0000000000000000     0x3b4b
 .debug_info    0x0000000000000000      0x405 Build/event_groups.o
 .debug_info    0x0000000000000405      0x356 Build/heap.o
 .debug_info    0x000000000000075b      0x25d Build/list.o
 .debug_info    0x00000000000009b8      0x637 Build/OLED.o
 .debug_info    0x0000000000000fef      0x265 Build/port.o
 .debug_info    0x0000000000001254      0x70a Build/stm32f10x_gpio.o
 .debug_info    0x000000000000195e      0x8cf Build/stm32f10x_rcc.o
 .debug_info    0x000000000000222d      0x451 Build/system_stm32f10x.o
 .debug_info    0x000000000000267e     0x137a Build/task.o
 .debug_info    0x00000000000039f8      0x131 Build/main.o
 .debug_info    0x0000000000003b29       0x22 Build/startup_stm32f10x_md.o

.debug_abbrev   0x0000000000000000     0x102a
 .debug_abbrev  0x0000000000000000       0xf3 Build/event_groups.o
 .debug_abbrev  0x00000000000000f3      0x166 Build/heap.o
 .debug_abbrev  0x0000000000000259       0xc1 Build/list.o
 .debug_abbrev  0x000000000000031a      0x1f4 Build/OLED.o
 .debug_abbrev  0x000000000000050e      0x1b8 Build/port.o
 .debug_abbrev  0x00000000000006c6      0x1e9 Build/stm32f10x_gpio.o
 .debug_abbrev  0x00000000000008af      0x1d3 Build/stm32f10x_rcc.o
 .debug_abbrev  0x0000000000000a82      0x1ae Build/system_stm32f10x.o
 .debug_abbrev  0x0000000000000c30      0x323 Build/task.o
 .debug_abbrev  0x0000000000000f53       0xc5 Build/main.o
 .debug_abbrev  0x0000000000001018       0x12 Build/startup_stm32f10x_md.o

.debug_aranges  0x0000000000000000      0x168
 .debug_aranges
                0x0000000000000000       0x20 Build/event_groups.o
 .debug_aranges
                0x0000000000000020       0x20 Build/heap.o
 .debug_aranges
                0x0000000000000040       0x20 Build/list.o
 .debug_aranges
                0x0000000000000060       0x20 Build/OLED.o
 .debug_aranges
                0x0000000000000080       0x20 Build/port.o
 .debug_aranges
                0x00000000000000a0       0x20 Build/stm32f10x_gpio.o
 .debug_aranges
                0x00000000000000c0       0x20 Build/stm32f10x_rcc.o
 .debug_aranges
                0x00000000000000e0       0x20 Build/system_stm32f10x.o
 .debug_aranges
                0x0000000000000100       0x20 Build/task.o
 .debug_aranges
                0x0000000000000120       0x20 Build/main.o
 .debug_aranges
                0x0000000000000140       0x28 Build/startup_stm32f10x_md.o

.debug_line     0x0000000000000000     0x1f3f
 .debug_line    0x0000000000000000      0x1a2 Build/event_groups.o
 .debug_line    0x00000000000001a2      0x2ca Build/heap.o
 .debug_line    0x000000000000046c      0x10d Build/list.o
 .debug_line    0x0000000000000579      0x381 Build/OLED.o
 .debug_line    0x00000000000008fa      0x12c Build/port.o
 .debug_line    0x0000000000000a26      0x37e Build/stm32f10x_gpio.o
 .debug_line    0x0000000000000da4      0x44b Build/stm32f10x_rcc.o
 .debug_line    0x00000000000011ef      0x207 Build/system_stm32f10x.o
 .debug_line    0x00000000000013f6      0xa1b Build/task.o
 .debug_line    0x0000000000001e11       0xb7 Build/main.o
 .debug_line    0x0000000000001ec8       0x77 Build/startup_stm32f10x_md.o

.debug_str      0x0000000000000000     0x1adb
 .debug_str     0x0000000000000000      0x34d Build/event_groups.o
                                        0x3a9 (size before relaxing)
 .debug_str     0x000000000000034d      0x1b3 Build/heap.o
                                        0x272 (size before relaxing)
 .debug_str     0x0000000000000500       0x8d Build/list.o
                                        0x1fc (size before relaxing)
 .debug_str     0x000000000000058d      0x2a3 Build/OLED.o
                                        0x3fd (size before relaxing)
 .debug_str     0x0000000000000830      0x15b Build/port.o
                                        0x22e (size before relaxing)
 .debug_str     0x000000000000098b      0x24a Build/stm32f10x_gpio.o
                                        0x4d4 (size before relaxing)
 .debug_str     0x0000000000000bd5      0x425 Build/stm32f10x_rcc.o
                                        0x5d5 (size before relaxing)
 .debug_str     0x0000000000000ffa       0xd6 Build/system_stm32f10x.o
                                        0x29b (size before relaxing)
 .debug_str     0x00000000000010d0      0x9ab Build/task.o
                                        0xc64 (size before relaxing)
 .debug_str     0x0000000000001a7b       0x36 Build/main.o
                                        0x1a5 (size before relaxing)
 .debug_str     0x0000000000001ab1       0x2a Build/startup_stm32f10x_md.o
                                         0x4d (size before relaxing)

.comment        0x0000000000000000       0x33
 .comment       0x0000000000000000       0x33 Build/event_groups.o
                                         0x34 (size before relaxing)
 .comment       0x0000000000000033       0x34 Build/heap.o
 .comment       0x0000000000000033       0x34 Build/list.o
 .comment       0x0000000000000033       0x34 Build/OLED.o
 .comment       0x0000000000000033       0x34 Build/port.o
 .comment       0x0000000000000033       0x34 Build/stm32f10x_gpio.o
 .comment       0x0000000000000033       0x34 Build/stm32f10x_rcc.o
 .comment       0x0000000000000033       0x34 Build/system_stm32f10x.o
 .comment       0x0000000000000033       0x34 Build/task.o
 .comment       0x0000000000000033       0x34 Build/main.o

.ARM.attributes
                0x0000000000000000       0x2b
 .ARM.attributes
                0x0000000000000000       0x2d Build/event_groups.o
 .ARM.attributes
                0x000000000000002d       0x2d Build/heap.o
 .ARM.attributes
                0x000000000000005a       0x2d Build/list.o
 .ARM.attributes
                0x0000000000000087       0x2d Build/OLED.o
 .ARM.attributes
                0x00000000000000b4       0x2d Build/port.o
 .ARM.attributes
                0x00000000000000e1       0x2d Build/stm32f10x_gpio.o
 .ARM.attributes
                0x000000000000010e       0x2d Build/stm32f10x_rcc.o
 .ARM.attributes
                0x000000000000013b       0x2d Build/system_stm32f10x.o
 .ARM.attributes
                0x0000000000000168       0x2d Build/task.o
 .ARM.attributes
                0x0000000000000195       0x2d Build/main.o
 .ARM.attributes
                0x00000000000001c2       0x21 Build/startup_stm32f10x_md.o

.debug_frame    0x0000000000000000      0xe48
 .debug_frame   0x0000000000000000       0x7c Build/event_groups.o
 .debug_frame   0x000000000000007c       0xac Build/heap.o
 .debug_frame   0x0000000000000128       0x88 Build/list.o
 .debug_frame   0x00000000000001b0      0x1d0 Build/OLED.o
 .debug_frame   0x0000000000000380       0xe0 Build/port.o
 .debug_frame   0x0000000000000460      0x1c4 Build/stm32f10x_gpio.o
 .debug_frame   0x0000000000000624      0x2fc Build/stm32f10x_rcc.o
 .debug_frame   0x0000000000000920       0x70 Build/system_stm32f10x.o
 .debug_frame   0x0000000000000990      0x460 Build/task.o
 .debug_frame   0x0000000000000df0       0x58 Build/main.o

.debug_ranges   0x0000000000000000       0x20
 .debug_ranges  0x0000000000000000       0x20 Build/startup_stm32f10x_md.o

Cross Reference Table

Symbol                                            File
ADC1_2_IRQHandler                                 Build/startup_stm32f10x_md.o
AHBPrescTable                                     Build/system_stm32f10x.o
BusFault_Handler                                  Build/startup_stm32f10x_md.o
CAN1_RX1_IRQHandler                               Build/startup_stm32f10x_md.o
CAN1_SCE_IRQHandler                               Build/startup_stm32f10x_md.o
DMA1_Channel1_IRQHandler                          Build/startup_stm32f10x_md.o
DMA1_Channel2_IRQHandler                          Build/startup_stm32f10x_md.o
DMA1_Channel3_IRQHandler                          Build/startup_stm32f10x_md.o
DMA1_Channel4_IRQHandler                          Build/startup_stm32f10x_md.o
DMA1_Channel5_IRQHandler                          Build/startup_stm32f10x_md.o
DMA1_Channel6_IRQHandler                          Build/startup_stm32f10x_md.o
DMA1_Channel7_IRQHandler                          Build/startup_stm32f10x_md.o
DebugMon_Handler                                  Build/startup_stm32f10x_md.o
Default_Handler                                   Build/startup_stm32f10x_md.o
EXTI0_IRQHandler                                  Build/startup_stm32f10x_md.o
EXTI15_10_IRQHandler                              Build/startup_stm32f10x_md.o
EXTI1_IRQHandler                                  Build/startup_stm32f10x_md.o
EXTI2_IRQHandler                                  Build/startup_stm32f10x_md.o
EXTI3_IRQHandler                                  Build/startup_stm32f10x_md.o
EXTI4_IRQHandler                                  Build/startup_stm32f10x_md.o
EXTI9_5_IRQHandler                                Build/startup_stm32f10x_md.o
FLASH_IRQHandler                                  Build/startup_stm32f10x_md.o
GPIO_AFIODeInit                                   Build/stm32f10x_gpio.o
GPIO_DeInit                                       Build/stm32f10x_gpio.o
GPIO_ETH_MediaInterfaceConfig                     Build/stm32f10x_gpio.o
GPIO_EXTILineConfig                               Build/stm32f10x_gpio.o
GPIO_EventOutputCmd                               Build/stm32f10x_gpio.o
GPIO_EventOutputConfig                            Build/stm32f10x_gpio.o
GPIO_Init                                         Build/stm32f10x_gpio.o
                                                  Build/OLED.o
GPIO_PinLockConfig                                Build/stm32f10x_gpio.o
GPIO_PinRemapConfig                               Build/stm32f10x_gpio.o
GPIO_ReadInputData                                Build/stm32f10x_gpio.o
GPIO_ReadInputDataBit                             Build/stm32f10x_gpio.o
GPIO_ReadOutputData                               Build/stm32f10x_gpio.o
GPIO_ReadOutputDataBit                            Build/stm32f10x_gpio.o
GPIO_ResetBits                                    Build/stm32f10x_gpio.o
GPIO_SetBits                                      Build/stm32f10x_gpio.o
GPIO_StructInit                                   Build/stm32f10x_gpio.o
GPIO_Write                                        Build/stm32f10x_gpio.o
GPIO_WriteBit                                     Build/stm32f10x_gpio.o
                                                  Build/OLED.o
HardFault_Handler                                 Build/startup_stm32f10x_md.o
I2C1_ER_IRQHandler                                Build/startup_stm32f10x_md.o
I2C1_EV_IRQHandler                                Build/startup_stm32f10x_md.o
I2C2_ER_IRQHandler                                Build/startup_stm32f10x_md.o
I2C2_EV_IRQHandler                                Build/startup_stm32f10x_md.o
MemManage_Handler                                 Build/startup_stm32f10x_md.o
NMI_Handler                                       Build/startup_stm32f10x_md.o
NVIC_Init                                         Build/misc.o
NVIC_PriorityGroupConfig                          Build/misc.o
NVIC_SetVectorTable                               Build/misc.o
NVIC_SystemLPConfig                               Build/misc.o
OLED_Clear                                        Build/OLED.o
OLED_F8x16                                        Build/OLED.o
OLED_I2C_Init                                     Build/OLED.o
OLED_I2C_SendByte                                 Build/OLED.o
OLED_I2C_Start                                    Build/OLED.o
OLED_I2C_Stop                                     Build/OLED.o
OLED_Init                                         Build/OLED.o
                                                  Build/main.o
OLED_Pow                                          Build/OLED.o
OLED_SetCursor                                    Build/OLED.o
OLED_ShowBinNum                                   Build/OLED.o
OLED_ShowChar                                     Build/OLED.o
                                                  Build/main.o
OLED_ShowHexNum                                   Build/OLED.o
OLED_ShowNum                                      Build/OLED.o
OLED_ShowSignedNum                                Build/OLED.o
OLED_ShowString                                   Build/OLED.o
OLED_WriteCommand                                 Build/OLED.o
OLED_WriteData                                    Build/OLED.o
PVD_IRQHandler                                    Build/startup_stm32f10x_md.o
PendSV_Handler                                    Build/port.o
RCC_ADCCLKConfig                                  Build/stm32f10x_rcc.o
RCC_AHBPeriphClockCmd                             Build/stm32f10x_rcc.o
RCC_APB1PeriphClockCmd                            Build/stm32f10x_rcc.o
RCC_APB1PeriphResetCmd                            Build/stm32f10x_rcc.o
RCC_APB2PeriphClockCmd                            Build/stm32f10x_rcc.o
                                                  Build/OLED.o
RCC_APB2PeriphResetCmd                            Build/stm32f10x_rcc.o
                                                  Build/stm32f10x_gpio.o
RCC_AdjustHSICalibrationValue                     Build/stm32f10x_rcc.o
RCC_BackupResetCmd                                Build/stm32f10x_rcc.o
RCC_ClearFlag                                     Build/stm32f10x_rcc.o
RCC_ClearITPendingBit                             Build/stm32f10x_rcc.o
RCC_ClockSecuritySystemCmd                        Build/stm32f10x_rcc.o
RCC_DeInit                                        Build/stm32f10x_rcc.o
RCC_GetClocksFreq                                 Build/stm32f10x_rcc.o
RCC_GetFlagStatus                                 Build/stm32f10x_rcc.o
RCC_GetITStatus                                   Build/stm32f10x_rcc.o
RCC_GetSYSCLKSource                               Build/stm32f10x_rcc.o
RCC_HCLKConfig                                    Build/stm32f10x_rcc.o
RCC_HSEConfig                                     Build/stm32f10x_rcc.o
RCC_HSICmd                                        Build/stm32f10x_rcc.o
RCC_IRQHandler                                    Build/startup_stm32f10x_md.o
RCC_ITConfig                                      Build/stm32f10x_rcc.o
RCC_LSEConfig                                     Build/stm32f10x_rcc.o
RCC_LSICmd                                        Build/stm32f10x_rcc.o
RCC_MCOConfig                                     Build/stm32f10x_rcc.o
RCC_PCLK1Config                                   Build/stm32f10x_rcc.o
RCC_PCLK2Config                                   Build/stm32f10x_rcc.o
RCC_PLLCmd                                        Build/stm32f10x_rcc.o
RCC_PLLConfig                                     Build/stm32f10x_rcc.o
RCC_RTCCLKCmd                                     Build/stm32f10x_rcc.o
RCC_RTCCLKConfig                                  Build/stm32f10x_rcc.o
RCC_SYSCLKConfig                                  Build/stm32f10x_rcc.o
RCC_USBCLKConfig                                  Build/stm32f10x_rcc.o
RCC_WaitForHSEStartUp                             Build/stm32f10x_rcc.o
RTCAlarm_IRQHandler                               Build/startup_stm32f10x_md.o
RTC_IRQHandler                                    Build/startup_stm32f10x_md.o
Reset_Handler                                     Build/startup_stm32f10x_md.o
SPI1_IRQHandler                                   Build/startup_stm32f10x_md.o
SPI2_IRQHandler                                   Build/startup_stm32f10x_md.o
SVC_Handler                                       Build/port.o
SysTick_CLKSourceConfig                           Build/misc.o
SysTick_Handler                                   Build/port.o
SystemCoreClock                                   Build/system_stm32f10x.o
SystemCoreClockUpdate                             Build/system_stm32f10x.o
SystemInit                                        Build/system_stm32f10x.o
                                                  Build/startup_stm32f10x_md.o
TAMPER_IRQHandler                                 Build/startup_stm32f10x_md.o
TIM1_BRK_IRQHandler                               Build/startup_stm32f10x_md.o
TIM1_CC_IRQHandler                                Build/startup_stm32f10x_md.o
TIM1_TRG_COM_IRQHandler                           Build/startup_stm32f10x_md.o
TIM1_UP_IRQHandler                                Build/startup_stm32f10x_md.o
TIM2_IRQHandler                                   Build/startup_stm32f10x_md.o
TIM3_IRQHandler                                   Build/startup_stm32f10x_md.o
TIM4_IRQHandler                                   Build/startup_stm32f10x_md.o
USART1_IRQHandler                                 Build/startup_stm32f10x_md.o
USART2_IRQHandler                                 Build/startup_stm32f10x_md.o
USART3_IRQHandler                                 Build/startup_stm32f10x_md.o
USBWakeUp_IRQHandler                              Build/startup_stm32f10x_md.o
USB_HP_CAN1_TX_IRQHandler                         Build/startup_stm32f10x_md.o
USB_LP_CAN1_RX0_IRQHandler                        Build/startup_stm32f10x_md.o
UsageFault_Handler                                Build/startup_stm32f10x_md.o
WWDG_IRQHandler                                   Build/startup_stm32f10x_md.o
__LDREXB                                          Build/core_cm3.o
__LDREXH                                          Build/core_cm3.o
__LDREXW                                          Build/core_cm3.o
__RBIT                                            Build/core_cm3.o
__REV                                             Build/core_cm3.o
__REV16                                           Build/core_cm3.o
__REVSH                                           Build/core_cm3.o
__STREXB                                          Build/core_cm3.o
__STREXH                                          Build/core_cm3.o
__STREXW                                          Build/core_cm3.o
__get_BASEPRI                                     Build/core_cm3.o
__get_CONTROL                                     Build/core_cm3.o
__get_FAULTMASK                                   Build/core_cm3.o
__get_MSP                                         Build/core_cm3.o
__get_PRIMASK                                     Build/core_cm3.o
__get_PSP                                         Build/core_cm3.o
__set_BASEPRI                                     Build/core_cm3.o
__set_CONTROL                                     Build/core_cm3.o
__set_FAULTMASK                                   Build/core_cm3.o
__set_MSP                                         Build/core_cm3.o
__set_PRIMASK                                     Build/core_cm3.o
__set_PSP                                         Build/core_cm3.o
_ebss                                             Build/startup_stm32f10x_md.o
_edata                                            Build/startup_stm32f10x_md.o
_estack                                           Build/startup_stm32f10x_md.o
_sbss                                             Build/startup_stm32f10x_md.o
_sdata                                            Build/startup_stm32f10x_md.o
_sidata                                           Build/startup_stm32f10x_md.o
g_pfnVectors                                      Build/startup_stm32f10x_md.o
main                                              Build/main.o
                                                  Build/startup_stm32f10x_md.o
memcpy                                            Build/heap.o
                                                  Build/stream_buffer.o
                                                  Build/queue.o
memset                                            Build/heap.o
                                                  Build/task.o
                                                  Build/stream_buffer.o
prvHeadInit                                       Build/heap.o
prvInsertBlockIntoFreeList                        Build/heap.o
pvPortMalloc                                      Build/heap.o
                                                  Build/timers.o
                                                  Build/task.o
                                                  Build/stream_buffer.o
                                                  Build/queue.o
                                                  Build/event_groups.o
pvTaskIncrementMutexHeldCount                     Build/task.o
                                                  Build/queue.o
pxCurrentTCB                                      Build/task.o
                                                  Build/port.o
pxPortInitialiseStack                             Build/port.o
                                                  Build/task.o
ulTaskNotifyTake                                  Build/task.o
uxListRemove                                      Build/list.o
                                                  Build/timers.o
                                                  Build/task.o
uxTaskPriorityGet                                 Build/task.o
uxTaskPriorityGetFromISR                          Build/task.o
uxTaskResetEventItemValue                         Build/task.o
                                                  Build/event_groups.o
vListInitialise                                   Build/list.o
                                                  Build/timers.o
                                                  Build/task.o
                                                  Build/queue.o
                                                  Build/event_groups.o
vListInitialiseItem                               Build/list.o
                                                  Build/timers.o
                                                  Build/task.o
vListInsert                                       Build/list.o
                                                  Build/timers.o
                                                  Build/task.o
vListInsertEnd                                    Build/list.o
                                                  Build/task.o
vPortEnterCritical                                Build/port.o
                                                  Build/timers.o
                                                  Build/task.o
                                                  Build/stream_buffer.o
                                                  Build/queue.o
                                                  Build/event_groups.o
vPortExitCritical                                 Build/port.o
                                                  Build/timers.o
                                                  Build/task.o
                                                  Build/stream_buffer.o
                                                  Build/queue.o
                                                  Build/event_groups.o
vPortFree                                         Build/heap.o
                                                  Build/timers.o
                                                  Build/task.o
                                                  Build/stream_buffer.o
                                                  Build/queue.o
vPortSetupTimerInterrupt                          Build/port.o
vQueueDelete                                      Build/queue.o
vQueueWaitForMessageRestricted                    Build/queue.o
                                                  Build/timers.o
vStreamBufferDelete                               Build/stream_buffer.o
vTaskA                                            Build/main.o
vTaskB                                            Build/main.o
vTaskDelay                                        Build/task.o
                                                  Build/main.o
vTaskDelayUntil                                   Build/task.o
vTaskDelete                                       Build/task.o
vTaskMissedYield                                  Build/task.o
                                                  Build/queue.o
vTaskNotifyGiveFromISR                            Build/task.o
vTaskPlaceOnEventList                             Build/task.o
                                                  Build/queue.o
vTaskPlaceOnEventListRestricted                   Build/task.o
                                                  Build/queue.o
vTaskPlaceOnUnorderedEventList                    Build/task.o
                                                  Build/event_groups.o
vTaskPriorityInherit                              Build/task.o
                                                  Build/queue.o
vTaskPrioritySet                                  Build/task.o
vTaskSetTimeOutState                              Build/task.o
                                                  Build/stream_buffer.o
                                                  Build/queue.o
vTaskStartScheduler                               Build/task.o
                                                  Build/main.o
vTaskSuspend                                      Build/task.o
vTaskSuspendAll                                   Build/task.o
                                                  Build/timers.o
                                                  Build/stream_buffer.o
                                                  Build/queue.o
                                                  Build/heap.o
                                                  Build/event_groups.o
vTaskSwitchContext                                Build/task.o
                                                  Build/port.o
xEventGroupCreate                                 Build/event_groups.o
                                                  Build/main.o
xEventGroupSetBits                                Build/event_groups.o
                                                  Build/main.o
xEventGroupWaitBits                               Build/event_groups.o
                                                  Build/main.o
xPortStartScheduler                               Build/port.o
                                                  Build/task.o
xQueueCreateCountingSemaphore                     Build/queue.o
xQueueCreateMutex                                 Build/queue.o
xQueueGenericCreate                               Build/queue.o
                                                  Build/timers.o
xQueueGenericReceive                              Build/queue.o
                                                  Build/timers.o
xQueueGenericReset                                Build/queue.o
xQueueGenericSend                                 Build/queue.o
                                                  Build/timers.o
xQueueGenericSendFromISR                          Build/queue.o
                                                  Build/timers.o
xQueueGiveFromISR                                 Build/queue.o
xQueueGiveMutexRecursive                          Build/queue.o
xQueueReceiveFromISR                              Build/queue.o
xQueueTakeMutexRecursive                          Build/queue.o
xStreamBufferGenericCreate                        Build/stream_buffer.o
xStreamBufferReceive                              Build/stream_buffer.o
xStreamBufferReset                                Build/stream_buffer.o
xStreamBufferSend                                 Build/stream_buffer.o
xStreamBufferSpacesAvailable                      Build/stream_buffer.o
xTaskCheckForTimeOut                              Build/task.o
                                                  Build/stream_buffer.o
                                                  Build/queue.o
xTaskCreate                                       Build/task.o
                                                  Build/main.o
                                                  Build/timers.o
xTaskGenericNotify                                Build/task.o
                                                  Build/stream_buffer.o
xTaskGenericNotifyFromISR                         Build/task.o
xTaskGenericNotifyStateClear                      Build/task.o
                                                  Build/stream_buffer.o
xTaskGetCurrentTaskHandle                         Build/task.o
                                                  Build/stream_buffer.o
                                                  Build/queue.o
xTaskGetSchedulerState                            Build/task.o
                                                  Build/timers.o
xTaskGetTickCount                                 Build/task.o
                                                  Build/timers.o
xTaskIncrementTick                                Build/task.o
                                                  Build/port.o
xTaskNotifyWait                                   Build/task.o
                                                  Build/stream_buffer.o
xTaskPriorityDisinherit                           Build/task.o
                                                  Build/queue.o
xTaskRemoveFromEventList                          Build/task.o
                                                  Build/queue.o
xTaskRemoveFromUnorderedEventList                 Build/task.o
                                                  Build/event_groups.o
xTaskResumeAll                                    Build/task.o
                                                  Build/timers.o
                                                  Build/stream_buffer.o
                                                  Build/queue.o
                                                  Build/heap.o
                                                  Build/event_groups.o
xTimerCreate                                      Build/timers.o
xTimerCreateTimerTask                             Build/timers.o
xTimerGenericCommand                              Build/timers.o
